../Core/Src/main.c:92:5:main	8	static
../Core/Src/main.c:147:6:SystemClock_Config	88	static
../Core/Src/main.c:194:13:MX_ADC1_Init	24	static
../Core/Src/main.c:241:13:MX_TIM1_Init	96	static
../Core/Src/main.c:314:13:MX_DMA_Init	16	static
../Core/Src/main.c:332:13:MX_GPIO_Init	24	static
../Core/Src/main.c:352:6:LEDHandler	24	static
../Core/Src/main.c:482:5:AnalogHandler	16	static
../Core/Src/main.c:494:6:HAL_TIM_PWM_PulseFinishedCallback	16	static
../Core/Src/main.c:500:6:Set_LED	24	static
../Core/Src/main.c:510:6:Set_Brightness	40	static
../Core/Src/main.c:532:6:WS2512_Send	32	static
../Core/Src/main.c:576:6:Error_Handler	4	static,ignoring_inline_asm
